#-----------------------------------------------------------
# Vivado v2024.2 (64-bit)
# SW Build 5239630 on Fri Nov 08 22:35:27 MST 2024
# IP Build 5239520 on Sun Nov 10 16:12:51 MST 2024
# SharedData Build 5239561 on Fri Nov 08 14:39:27 MST 2024
# Start of session at: Thu Feb 12 19:14:23 2026
# Process ID         : 4176
# Current directory  : C:/Users/maham/verilog/iccm/iccm.runs/impl_1
# Command line       : vivado.exe -log fetch.vdi -applog -product Vivado -messageDb vivado.pb -mode batch -source fetch.tcl -notrace
# Log file           : C:/Users/maham/verilog/iccm/iccm.runs/impl_1/fetch.vdi
# Journal file       : C:/Users/maham/verilog/iccm/iccm.runs/impl_1\vivado.jou
# Running On         : HP-Laptop-14s-er0xx
# Platform           : Windows Server 2016 or Windows 10
# Operating System   : 26220
# Processor Detail   : Intel(R) Core(TM) i3-1005G1 CPU @ 1.20GHz
# CPU Frequency      : 1190 MHz
# CPU Physical cores : 2
# CPU Logical cores  : 4
# Host memory        : 8262 MB
# Swap memory        : 10244 MB
# Total Virtual      : 18506 MB
# Available Virtual  : 8761 MB
#-----------------------------------------------------------
source fetch.tcl -notrace
